-op "C:\Users\dscre\git\CSES_SECube_StaticCodeAnalysis\SEcube-SDK\SEcube USBStick Firmware\Project\STM32CubeIDE\USBStick\prqa\configs\Initial\output\Device-26a606dd6a5e1e888868"
"C:\Users\dscre\git\CSES_SECube_StaticCodeAnalysis\SEcube-SDK\SEcube USBStick Firmware\Project\Src\Device\se3_algo_Aes.c"
"C:\Users\dscre\git\CSES_SECube_StaticCodeAnalysis\SEcube-SDK\SEcube USBStick Firmware\Project\Src\Device\se3_algo_AesHmacSha256s.c"
"C:\Users\dscre\git\CSES_SECube_StaticCodeAnalysis\SEcube-SDK\SEcube USBStick Firmware\Project\Src\Device\se3_algo_HmacSha256.c"
"C:\Users\dscre\git\CSES_SECube_StaticCodeAnalysis\SEcube-SDK\SEcube USBStick Firmware\Project\Src\Device\se3_algo_sha256.c"
"C:\Users\dscre\git\CSES_SECube_StaticCodeAnalysis\SEcube-SDK\SEcube USBStick Firmware\Project\Src\Device\se3_communication_core.c"
"C:\Users\dscre\git\CSES_SECube_StaticCodeAnalysis\SEcube-SDK\SEcube USBStick Firmware\Project\Src\Device\se3_core.c"
"C:\Users\dscre\git\CSES_SECube_StaticCodeAnalysis\SEcube-SDK\SEcube USBStick Firmware\Project\Src\Device\se3_core_time.c"
"C:\Users\dscre\git\CSES_SECube_StaticCodeAnalysis\SEcube-SDK\SEcube USBStick Firmware\Project\Src\Device\se3_dispatcher_core.c"
"C:\Users\dscre\git\CSES_SECube_StaticCodeAnalysis\SEcube-SDK\SEcube USBStick Firmware\Project\Src\Device\se3_flash.c"
"C:\Users\dscre\git\CSES_SECube_StaticCodeAnalysis\SEcube-SDK\SEcube USBStick Firmware\Project\Src\Device\se3_fpga.c"
"C:\Users\dscre\git\CSES_SECube_StaticCodeAnalysis\SEcube-SDK\SEcube USBStick Firmware\Project\Src\Device\se3_keys.c"
"C:\Users\dscre\git\CSES_SECube_StaticCodeAnalysis\SEcube-SDK\SEcube USBStick Firmware\Project\Src\Device\se3_memory.c"
"C:\Users\dscre\git\CSES_SECube_StaticCodeAnalysis\SEcube-SDK\SEcube USBStick Firmware\Project\Src\Device\se3_rand.c"
"C:\Users\dscre\git\CSES_SECube_StaticCodeAnalysis\SEcube-SDK\SEcube USBStick Firmware\Project\Src\Device\se3_sdio.c"
"C:\Users\dscre\git\CSES_SECube_StaticCodeAnalysis\SEcube-SDK\SEcube USBStick Firmware\Project\Src\Device\se3_security_core.c"
"C:\Users\dscre\git\CSES_SECube_StaticCodeAnalysis\SEcube-SDK\SEcube USBStick Firmware\Project\Src\Device\se3_sekey.c"
-op "C:\Users\dscre\git\CSES_SECube_StaticCodeAnalysis\SEcube-SDK\SEcube USBStick Firmware\Project\STM32CubeIDE\USBStick\prqa\configs\Initial\output\Common-885b3331e2114ba6edd2"
"C:\Users\dscre\git\CSES_SECube_StaticCodeAnalysis\SEcube-SDK\SEcube USBStick Firmware\Project\Src\Common\aes256.c"
"C:\Users\dscre\git\CSES_SECube_StaticCodeAnalysis\SEcube-SDK\SEcube USBStick Firmware\Project\Src\Common\crc16.c"
"C:\Users\dscre\git\CSES_SECube_StaticCodeAnalysis\SEcube-SDK\SEcube USBStick Firmware\Project\Src\Common\pbkdf2.c"
"C:\Users\dscre\git\CSES_SECube_StaticCodeAnalysis\SEcube-SDK\SEcube USBStick Firmware\Project\Src\Common\se3_common.c"
"C:\Users\dscre\git\CSES_SECube_StaticCodeAnalysis\SEcube-SDK\SEcube USBStick Firmware\Project\Src\Common\sha256.c"
-op "C:\Users\dscre\git\CSES_SECube_StaticCodeAnalysis\SEcube-SDK\SEcube USBStick Firmware\Project\STM32CubeIDE\USBStick\prqa\configs\Initial\output\Src-d156d2207fc53b0ff791"
"C:\Users\dscre\git\CSES_SECube_StaticCodeAnalysis\SEcube-SDK\SEcube USBStick Firmware\Project\Src\adc.c"
"C:\Users\dscre\git\CSES_SECube_StaticCodeAnalysis\SEcube-SDK\SEcube USBStick Firmware\Project\Src\crc.c"
"C:\Users\dscre\git\CSES_SECube_StaticCodeAnalysis\SEcube-SDK\SEcube USBStick Firmware\Project\Src\dma.c"
"C:\Users\dscre\git\CSES_SECube_StaticCodeAnalysis\SEcube-SDK\SEcube USBStick Firmware\Project\Src\fmc.c"
"C:\Users\dscre\git\CSES_SECube_StaticCodeAnalysis\SEcube-SDK\SEcube USBStick Firmware\Project\Src\gpio.c"
"C:\Users\dscre\git\CSES_SECube_StaticCodeAnalysis\SEcube-SDK\SEcube USBStick Firmware\Project\Src\i2c.c"
"C:\Users\dscre\git\CSES_SECube_StaticCodeAnalysis\SEcube-SDK\SEcube USBStick Firmware\Project\Src\main.c"
"C:\Users\dscre\git\CSES_SECube_StaticCodeAnalysis\SEcube-SDK\SEcube USBStick Firmware\Project\Src\misc.c"
"C:\Users\dscre\git\CSES_SECube_StaticCodeAnalysis\SEcube-SDK\SEcube USBStick Firmware\Project\Src\rng.c"
"C:\Users\dscre\git\CSES_SECube_StaticCodeAnalysis\SEcube-SDK\SEcube USBStick Firmware\Project\Src\sdio.c"
"C:\Users\dscre\git\CSES_SECube_StaticCodeAnalysis\SEcube-SDK\SEcube USBStick Firmware\Project\Src\spi.c"
"C:\Users\dscre\git\CSES_SECube_StaticCodeAnalysis\SEcube-SDK\SEcube USBStick Firmware\Project\Src\stm32f4xx_exti.c"
"C:\Users\dscre\git\CSES_SECube_StaticCodeAnalysis\SEcube-SDK\SEcube USBStick Firmware\Project\Src\stm32f4xx_hal_msp.c"
"C:\Users\dscre\git\CSES_SECube_StaticCodeAnalysis\SEcube-SDK\SEcube USBStick Firmware\Project\Src\stm32f4xx_it.c"
"C:\Users\dscre\git\CSES_SECube_StaticCodeAnalysis\SEcube-SDK\SEcube USBStick Firmware\Project\Src\stm32f4xx_syscfg.c"
"C:\Users\dscre\git\CSES_SECube_StaticCodeAnalysis\SEcube-SDK\SEcube USBStick Firmware\Project\Src\system_stm32f4xx.c"
"C:\Users\dscre\git\CSES_SECube_StaticCodeAnalysis\SEcube-SDK\SEcube USBStick Firmware\Project\Src\tim.c"
"C:\Users\dscre\git\CSES_SECube_StaticCodeAnalysis\SEcube-SDK\SEcube USBStick Firmware\Project\Src\usart.c"
"C:\Users\dscre\git\CSES_SECube_StaticCodeAnalysis\SEcube-SDK\SEcube USBStick Firmware\Project\Src\usb_device.c"
"C:\Users\dscre\git\CSES_SECube_StaticCodeAnalysis\SEcube-SDK\SEcube USBStick Firmware\Project\Src\usbd_conf.c"
"C:\Users\dscre\git\CSES_SECube_StaticCodeAnalysis\SEcube-SDK\SEcube USBStick Firmware\Project\Src\usbd_desc.c"
"C:\Users\dscre\git\CSES_SECube_StaticCodeAnalysis\SEcube-SDK\SEcube USBStick Firmware\Project\Src\usbd_storage_if.c"
-op "C:\Users\dscre\git\CSES_SECube_StaticCodeAnalysis\SEcube-SDK\SEcube USBStick Firmware\Project\STM32CubeIDE\USBStick\prqa\configs\Initial\output\Src-78b9699cdde6fab3e97f"
"C:\Users\dscre\git\CSES_SECube_StaticCodeAnalysis\SEcube-SDK\SEcube USBStick Firmware\Middlewares\ST\STM32_USB_Device_Library\Core\Src\usbd_core.c"
"C:\Users\dscre\git\CSES_SECube_StaticCodeAnalysis\SEcube-SDK\SEcube USBStick Firmware\Middlewares\ST\STM32_USB_Device_Library\Core\Src\usbd_ctlreq.c"
"C:\Users\dscre\git\CSES_SECube_StaticCodeAnalysis\SEcube-SDK\SEcube USBStick Firmware\Middlewares\ST\STM32_USB_Device_Library\Core\Src\usbd_ioreq.c"
-op "C:\Users\dscre\git\CSES_SECube_StaticCodeAnalysis\SEcube-SDK\SEcube USBStick Firmware\Project\STM32CubeIDE\USBStick\prqa\configs\Initial\output\Src-15972c75a2a6b9f302b8"
"C:\Users\dscre\git\CSES_SECube_StaticCodeAnalysis\SEcube-SDK\SEcube USBStick Firmware\Middlewares\ST\STM32_USB_Device_Library\Class\MSC\Src\usbd_msc.c"
"C:\Users\dscre\git\CSES_SECube_StaticCodeAnalysis\SEcube-SDK\SEcube USBStick Firmware\Middlewares\ST\STM32_USB_Device_Library\Class\MSC\Src\usbd_msc_bot.c"
"C:\Users\dscre\git\CSES_SECube_StaticCodeAnalysis\SEcube-SDK\SEcube USBStick Firmware\Middlewares\ST\STM32_USB_Device_Library\Class\MSC\Src\usbd_msc_data.c"
"C:\Users\dscre\git\CSES_SECube_StaticCodeAnalysis\SEcube-SDK\SEcube USBStick Firmware\Middlewares\ST\STM32_USB_Device_Library\Class\MSC\Src\usbd_msc_scsi.c"
-op "C:\Users\dscre\git\CSES_SECube_StaticCodeAnalysis\SEcube-SDK\SEcube USBStick Firmware\Project\STM32CubeIDE\USBStick\prqa\configs\Initial\output\Src-7620d50973e91db01599"
"C:\Users\dscre\git\CSES_SECube_StaticCodeAnalysis\SEcube-SDK\SEcube USBStick Firmware\Drivers\STM32F4xx_HAL_Driver\Src\stm32f4xx_hal.c"
"C:\Users\dscre\git\CSES_SECube_StaticCodeAnalysis\SEcube-SDK\SEcube USBStick Firmware\Drivers\STM32F4xx_HAL_Driver\Src\stm32f4xx_hal_adc.c"
"C:\Users\dscre\git\CSES_SECube_StaticCodeAnalysis\SEcube-SDK\SEcube USBStick Firmware\Drivers\STM32F4xx_HAL_Driver\Src\stm32f4xx_hal_adc_ex.c"
"C:\Users\dscre\git\CSES_SECube_StaticCodeAnalysis\SEcube-SDK\SEcube USBStick Firmware\Drivers\STM32F4xx_HAL_Driver\Src\stm32f4xx_hal_can.c"
"C:\Users\dscre\git\CSES_SECube_StaticCodeAnalysis\SEcube-SDK\SEcube USBStick Firmware\Drivers\STM32F4xx_HAL_Driver\Src\stm32f4xx_hal_cec.c"
"C:\Users\dscre\git\CSES_SECube_StaticCodeAnalysis\SEcube-SDK\SEcube USBStick Firmware\Drivers\STM32F4xx_HAL_Driver\Src\stm32f4xx_hal_cortex.c"
"C:\Users\dscre\git\CSES_SECube_StaticCodeAnalysis\SEcube-SDK\SEcube USBStick Firmware\Drivers\STM32F4xx_HAL_Driver\Src\stm32f4xx_hal_crc.c"
"C:\Users\dscre\git\CSES_SECube_StaticCodeAnalysis\SEcube-SDK\SEcube USBStick Firmware\Drivers\STM32F4xx_HAL_Driver\Src\stm32f4xx_hal_cryp.c"
"C:\Users\dscre\git\CSES_SECube_StaticCodeAnalysis\SEcube-SDK\SEcube USBStick Firmware\Drivers\STM32F4xx_HAL_Driver\Src\stm32f4xx_hal_cryp_ex.c"
"C:\Users\dscre\git\CSES_SECube_StaticCodeAnalysis\SEcube-SDK\SEcube USBStick Firmware\Drivers\STM32F4xx_HAL_Driver\Src\stm32f4xx_hal_dac.c"
"C:\Users\dscre\git\CSES_SECube_StaticCodeAnalysis\SEcube-SDK\SEcube USBStick Firmware\Drivers\STM32F4xx_HAL_Driver\Src\stm32f4xx_hal_dac_ex.c"
"C:\Users\dscre\git\CSES_SECube_StaticCodeAnalysis\SEcube-SDK\SEcube USBStick Firmware\Drivers\STM32F4xx_HAL_Driver\Src\stm32f4xx_hal_dcmi.c"
"C:\Users\dscre\git\CSES_SECube_StaticCodeAnalysis\SEcube-SDK\SEcube USBStick Firmware\Drivers\STM32F4xx_HAL_Driver\Src\stm32f4xx_hal_dcmi_ex.c"
"C:\Users\dscre\git\CSES_SECube_StaticCodeAnalysis\SEcube-SDK\SEcube USBStick Firmware\Drivers\STM32F4xx_HAL_Driver\Src\stm32f4xx_hal_dma.c"
"C:\Users\dscre\git\CSES_SECube_StaticCodeAnalysis\SEcube-SDK\SEcube USBStick Firmware\Drivers\STM32F4xx_HAL_Driver\Src\stm32f4xx_hal_dma2d.c"
"C:\Users\dscre\git\CSES_SECube_StaticCodeAnalysis\SEcube-SDK\SEcube USBStick Firmware\Drivers\STM32F4xx_HAL_Driver\Src\stm32f4xx_hal_dma_ex.c"
"C:\Users\dscre\git\CSES_SECube_StaticCodeAnalysis\SEcube-SDK\SEcube USBStick Firmware\Drivers\STM32F4xx_HAL_Driver\Src\stm32f4xx_hal_dsi.c"
"C:\Users\dscre\git\CSES_SECube_StaticCodeAnalysis\SEcube-SDK\SEcube USBStick Firmware\Drivers\STM32F4xx_HAL_Driver\Src\stm32f4xx_hal_eth.c"
"C:\Users\dscre\git\CSES_SECube_StaticCodeAnalysis\SEcube-SDK\SEcube USBStick Firmware\Drivers\STM32F4xx_HAL_Driver\Src\stm32f4xx_hal_flash.c"
"C:\Users\dscre\git\CSES_SECube_StaticCodeAnalysis\SEcube-SDK\SEcube USBStick Firmware\Drivers\STM32F4xx_HAL_Driver\Src\stm32f4xx_hal_flash_ex.c"
"C:\Users\dscre\git\CSES_SECube_StaticCodeAnalysis\SEcube-SDK\SEcube USBStick Firmware\Drivers\STM32F4xx_HAL_Driver\Src\stm32f4xx_hal_flash_ramfunc.c"
"C:\Users\dscre\git\CSES_SECube_StaticCodeAnalysis\SEcube-SDK\SEcube USBStick Firmware\Drivers\STM32F4xx_HAL_Driver\Src\stm32f4xx_hal_fmpi2c.c"
"C:\Users\dscre\git\CSES_SECube_StaticCodeAnalysis\SEcube-SDK\SEcube USBStick Firmware\Drivers\STM32F4xx_HAL_Driver\Src\stm32f4xx_hal_fmpi2c_ex.c"
"C:\Users\dscre\git\CSES_SECube_StaticCodeAnalysis\SEcube-SDK\SEcube USBStick Firmware\Drivers\STM32F4xx_HAL_Driver\Src\stm32f4xx_hal_gpio.c"
"C:\Users\dscre\git\CSES_SECube_StaticCodeAnalysis\SEcube-SDK\SEcube USBStick Firmware\Drivers\STM32F4xx_HAL_Driver\Src\stm32f4xx_hal_hash.c"
"C:\Users\dscre\git\CSES_SECube_StaticCodeAnalysis\SEcube-SDK\SEcube USBStick Firmware\Drivers\STM32F4xx_HAL_Driver\Src\stm32f4xx_hal_hash_ex.c"
"C:\Users\dscre\git\CSES_SECube_StaticCodeAnalysis\SEcube-SDK\SEcube USBStick Firmware\Drivers\STM32F4xx_HAL_Driver\Src\stm32f4xx_hal_hcd.c"
"C:\Users\dscre\git\CSES_SECube_StaticCodeAnalysis\SEcube-SDK\SEcube USBStick Firmware\Drivers\STM32F4xx_HAL_Driver\Src\stm32f4xx_hal_i2c.c"
"C:\Users\dscre\git\CSES_SECube_StaticCodeAnalysis\SEcube-SDK\SEcube USBStick Firmware\Drivers\STM32F4xx_HAL_Driver\Src\stm32f4xx_hal_i2c_ex.c"
"C:\Users\dscre\git\CSES_SECube_StaticCodeAnalysis\SEcube-SDK\SEcube USBStick Firmware\Drivers\STM32F4xx_HAL_Driver\Src\stm32f4xx_hal_i2s.c"
"C:\Users\dscre\git\CSES_SECube_StaticCodeAnalysis\SEcube-SDK\SEcube USBStick Firmware\Drivers\STM32F4xx_HAL_Driver\Src\stm32f4xx_hal_i2s_ex.c"
"C:\Users\dscre\git\CSES_SECube_StaticCodeAnalysis\SEcube-SDK\SEcube USBStick Firmware\Drivers\STM32F4xx_HAL_Driver\Src\stm32f4xx_hal_irda.c"
"C:\Users\dscre\git\CSES_SECube_StaticCodeAnalysis\SEcube-SDK\SEcube USBStick Firmware\Drivers\STM32F4xx_HAL_Driver\Src\stm32f4xx_hal_iwdg.c"
"C:\Users\dscre\git\CSES_SECube_StaticCodeAnalysis\SEcube-SDK\SEcube USBStick Firmware\Drivers\STM32F4xx_HAL_Driver\Src\stm32f4xx_hal_lptim.c"
"C:\Users\dscre\git\CSES_SECube_StaticCodeAnalysis\SEcube-SDK\SEcube USBStick Firmware\Drivers\STM32F4xx_HAL_Driver\Src\stm32f4xx_hal_ltdc.c"
"C:\Users\dscre\git\CSES_SECube_StaticCodeAnalysis\SEcube-SDK\SEcube USBStick Firmware\Drivers\STM32F4xx_HAL_Driver\Src\stm32f4xx_hal_ltdc_ex.c"
"C:\Users\dscre\git\CSES_SECube_StaticCodeAnalysis\SEcube-SDK\SEcube USBStick Firmware\Drivers\STM32F4xx_HAL_Driver\Src\stm32f4xx_hal_nand.c"
"C:\Users\dscre\git\CSES_SECube_StaticCodeAnalysis\SEcube-SDK\SEcube USBStick Firmware\Drivers\STM32F4xx_HAL_Driver\Src\stm32f4xx_hal_nor.c"
"C:\Users\dscre\git\CSES_SECube_StaticCodeAnalysis\SEcube-SDK\SEcube USBStick Firmware\Drivers\STM32F4xx_HAL_Driver\Src\stm32f4xx_hal_pccard.c"
"C:\Users\dscre\git\CSES_SECube_StaticCodeAnalysis\SEcube-SDK\SEcube USBStick Firmware\Drivers\STM32F4xx_HAL_Driver\Src\stm32f4xx_hal_pcd.c"
"C:\Users\dscre\git\CSES_SECube_StaticCodeAnalysis\SEcube-SDK\SEcube USBStick Firmware\Drivers\STM32F4xx_HAL_Driver\Src\stm32f4xx_hal_pcd_ex.c"
"C:\Users\dscre\git\CSES_SECube_StaticCodeAnalysis\SEcube-SDK\SEcube USBStick Firmware\Drivers\STM32F4xx_HAL_Driver\Src\stm32f4xx_hal_pwr.c"
"C:\Users\dscre\git\CSES_SECube_StaticCodeAnalysis\SEcube-SDK\SEcube USBStick Firmware\Drivers\STM32F4xx_HAL_Driver\Src\stm32f4xx_hal_pwr_ex.c"
"C:\Users\dscre\git\CSES_SECube_StaticCodeAnalysis\SEcube-SDK\SEcube USBStick Firmware\Drivers\STM32F4xx_HAL_Driver\Src\stm32f4xx_hal_qspi.c"
"C:\Users\dscre\git\CSES_SECube_StaticCodeAnalysis\SEcube-SDK\SEcube USBStick Firmware\Drivers\STM32F4xx_HAL_Driver\Src\stm32f4xx_hal_rcc.c"
"C:\Users\dscre\git\CSES_SECube_StaticCodeAnalysis\SEcube-SDK\SEcube USBStick Firmware\Drivers\STM32F4xx_HAL_Driver\Src\stm32f4xx_hal_rcc_ex.c"
"C:\Users\dscre\git\CSES_SECube_StaticCodeAnalysis\SEcube-SDK\SEcube USBStick Firmware\Drivers\STM32F4xx_HAL_Driver\Src\stm32f4xx_hal_rng.c"
"C:\Users\dscre\git\CSES_SECube_StaticCodeAnalysis\SEcube-SDK\SEcube USBStick Firmware\Drivers\STM32F4xx_HAL_Driver\Src\stm32f4xx_hal_rtc.c"
"C:\Users\dscre\git\CSES_SECube_StaticCodeAnalysis\SEcube-SDK\SEcube USBStick Firmware\Drivers\STM32F4xx_HAL_Driver\Src\stm32f4xx_hal_rtc_ex.c"
"C:\Users\dscre\git\CSES_SECube_StaticCodeAnalysis\SEcube-SDK\SEcube USBStick Firmware\Drivers\STM32F4xx_HAL_Driver\Src\stm32f4xx_hal_sai.c"
"C:\Users\dscre\git\CSES_SECube_StaticCodeAnalysis\SEcube-SDK\SEcube USBStick Firmware\Drivers\STM32F4xx_HAL_Driver\Src\stm32f4xx_hal_sai_ex.c"
"C:\Users\dscre\git\CSES_SECube_StaticCodeAnalysis\SEcube-SDK\SEcube USBStick Firmware\Drivers\STM32F4xx_HAL_Driver\Src\stm32f4xx_hal_sd.c"
"C:\Users\dscre\git\CSES_SECube_StaticCodeAnalysis\SEcube-SDK\SEcube USBStick Firmware\Drivers\STM32F4xx_HAL_Driver\Src\stm32f4xx_hal_sdram.c"
"C:\Users\dscre\git\CSES_SECube_StaticCodeAnalysis\SEcube-SDK\SEcube USBStick Firmware\Drivers\STM32F4xx_HAL_Driver\Src\stm32f4xx_hal_smartcard.c"
"C:\Users\dscre\git\CSES_SECube_StaticCodeAnalysis\SEcube-SDK\SEcube USBStick Firmware\Drivers\STM32F4xx_HAL_Driver\Src\stm32f4xx_hal_spdifrx.c"
"C:\Users\dscre\git\CSES_SECube_StaticCodeAnalysis\SEcube-SDK\SEcube USBStick Firmware\Drivers\STM32F4xx_HAL_Driver\Src\stm32f4xx_hal_spi.c"
"C:\Users\dscre\git\CSES_SECube_StaticCodeAnalysis\SEcube-SDK\SEcube USBStick Firmware\Drivers\STM32F4xx_HAL_Driver\Src\stm32f4xx_hal_sram.c"
"C:\Users\dscre\git\CSES_SECube_StaticCodeAnalysis\SEcube-SDK\SEcube USBStick Firmware\Drivers\STM32F4xx_HAL_Driver\Src\stm32f4xx_hal_tim.c"
"C:\Users\dscre\git\CSES_SECube_StaticCodeAnalysis\SEcube-SDK\SEcube USBStick Firmware\Drivers\STM32F4xx_HAL_Driver\Src\stm32f4xx_hal_tim_ex.c"
"C:\Users\dscre\git\CSES_SECube_StaticCodeAnalysis\SEcube-SDK\SEcube USBStick Firmware\Drivers\STM32F4xx_HAL_Driver\Src\stm32f4xx_hal_uart.c"
"C:\Users\dscre\git\CSES_SECube_StaticCodeAnalysis\SEcube-SDK\SEcube USBStick Firmware\Drivers\STM32F4xx_HAL_Driver\Src\stm32f4xx_hal_usart.c"
"C:\Users\dscre\git\CSES_SECube_StaticCodeAnalysis\SEcube-SDK\SEcube USBStick Firmware\Drivers\STM32F4xx_HAL_Driver\Src\stm32f4xx_hal_wwdg.c"
"C:\Users\dscre\git\CSES_SECube_StaticCodeAnalysis\SEcube-SDK\SEcube USBStick Firmware\Drivers\STM32F4xx_HAL_Driver\Src\stm32f4xx_ll_fmc.c"
"C:\Users\dscre\git\CSES_SECube_StaticCodeAnalysis\SEcube-SDK\SEcube USBStick Firmware\Drivers\STM32F4xx_HAL_Driver\Src\stm32f4xx_ll_fsmc.c"
"C:\Users\dscre\git\CSES_SECube_StaticCodeAnalysis\SEcube-SDK\SEcube USBStick Firmware\Drivers\STM32F4xx_HAL_Driver\Src\stm32f4xx_ll_sdmmc.c"
"C:\Users\dscre\git\CSES_SECube_StaticCodeAnalysis\SEcube-SDK\SEcube USBStick Firmware\Drivers\STM32F4xx_HAL_Driver\Src\stm32f4xx_ll_usb.c"
